******************************************************************************
                  TI ARM Linker PC v18.12.2                    
******************************************************************************
>> Linked Fri Oct  4 03:41:28 2019

OUTPUT FILE NAME:   <msp432p401x_p1_03_MSP_EXP432P401R_nortos_ccs.out>
ENTRY POINT SYMBOL: "_c_int00_noargs"  address: 000004a5


MEMORY CONFIGURATION

         name            origin    length      used     unused   attr    fill
----------------------  --------  ---------  --------  --------  ----  --------
  MAIN                  00000000   00040000  00000514  0003faec  R  X
  INFO                  00200000   00004000  00000000  00004000  R  X
  SRAM_CODE             01000000   00010000  00000204  0000fdfc  RW X
  SRAM_DATA             20000000   00010000  00000204  0000fdfc  RW  


SEGMENT ALLOCATION MAP

run origin  load origin   length   init length attrs members
----------  ----------- ---------- ----------- ----- -------
00000000    00000000    00000518   00000518    r-x
  00000000    00000000    000000e4   000000e4    r-- .intvecs
  000000e4    000000e4    00000418   00000418    r-x .text
  00000500    00000500    00000018   00000018    r-- .cinit
20000000    20000000    00000004   00000000    rw-
  20000000    20000000    00000004   00000000    rw- .data
2000fe00    2000fe00    00000200   00000000    rw-
  2000fe00    2000fe00    00000200   00000000    rw- .stack


SECTION ALLOCATION MAP

 output                                  attributes/
section   page    origin      length       input sections
--------  ----  ----------  ----------   ----------------
.intvecs   0    00000000    000000e4     
                  00000000    000000e4     startup_msp432p401r_ccs.obj (.intvecs:retain)

.text      0    000000e4    00000418     
                  000000e4    0000019c     main.obj (.text:main)
                  00000280    0000009c     rtsv7M4_T_le_v4SPD16_eabi.lib : memcpy_t2.asm.obj (.text)
                  0000031c    00000078     system_msp432p401r.obj (.text:SystemInit)
                  00000394    00000068     rtsv7M4_T_le_v4SPD16_eabi.lib : copy_decompress_lzss.c.obj (.text:decompress:lzss:__TI_decompress_lzss)
                  000003fc    00000064     main.obj (.text:PORT1_IRQHandler)
                  00000460    00000044     rtsv7M4_T_le_v4SPD16_eabi.lib : autoinit.c.obj (.text:__TI_auto_init_nobinit_nopinit:__TI_auto_init_nobinit_nopinit)
                  000004a4    00000034                                   : boot_cortex_m.c.obj (.text:_c_int00_noargs:_c_int00_noargs)
                  000004d8    0000000e                                   : copy_decompress_none.c.obj (.text:decompress:none:__TI_decompress_none)
                  000004e6    0000000c     startup_msp432p401r_ccs.obj (.text:Reset_Handler)
                  000004f2    00000004     rtsv7M4_T_le_v4SPD16_eabi.lib : pre_init.c.obj (.text:_system_pre_init)
                  000004f6    00000004                                   : exit.c.obj (.text:abort:abort)
                  000004fa    00000002     startup_msp432p401r_ccs.obj (.text:Default_Handler)

.cinit     0    00000500    00000018     
                  00000500    00000008     (__TI_handler_table)
                  00000508    00000007     (.cinit..data.load) [load image, compression = lzss]
                  0000050f    00000001     --HOLE-- [fill = 0]
                  00000510    00000008     (__TI_cinit_table)

.init_array 
*          0    00000000    00000000     UNINITIALIZED

.binit     0    00000000    00000000     

.data      0    20000000    00000004     UNINITIALIZED
                  20000000    00000004     main.obj (.data)

.stack     0    2000fe00    00000200     UNINITIALIZED
                  2000fe00    00000004     rtsv7M4_T_le_v4SPD16_eabi.lib : boot_cortex_m.c.obj (.stack)
                  2000fe04    000001fc     --HOLE--

MODULE SUMMARY

       Module                        code   ro data   rw data
       ------                        ----   -------   -------
    .\
       main.obj                      512    0         8      
       system_msp432p401r.obj        120    0         0      
    +--+-----------------------------+------+---------+---------+
       Total:                        632    0         8      
                                                             
    .\ccs\
       startup_msp432p401r_ccs.obj   14     228       0      
    +--+-----------------------------+------+---------+---------+
       Total:                        14     228       0      
                                                             
    C:\ti\ccs910\ccs\tools\compiler\ti-cgt-arm_18.12.2.LTS\lib\rtsv7M4_T_le_v4SPD16_eabi.lib
       memcpy_t2.asm.obj             156    0         0      
       copy_decompress_lzss.c.obj    104    0         0      
       autoinit.c.obj                68     0         0      
       boot_cortex_m.c.obj           52     0         0      
       copy_decompress_none.c.obj    14     0         0      
       exit.c.obj                    4      0         0      
       pre_init.c.obj                4      0         0      
    +--+-----------------------------+------+---------+---------+
       Total:                        402    0         0      
                                                             
       Stack:                        0      0         1024   
       Linker Generated:             0      23        0      
    +--+-----------------------------+------+---------+---------+
       Grand Total:                  1048   251       1032   


LINKER GENERATED COPY TABLES

__TI_cinit_table @ 00000510 records: 1, size/record: 8, table size: 8
	.data: load addr=00000508, load size=00000007 bytes, run addr=20000000, run size=00000004 bytes, compression=lzss


LINKER GENERATED HANDLER TABLE

__TI_handler_table @ 00000500 records: 2, size/record: 4, table size: 8
	index: 0, handler: __TI_decompress_lzss
	index: 1, handler: __TI_decompress_none


GLOBAL SYMBOLS: SORTED ALPHABETICALLY BY Name 

address   name                          
-------   ----                          
000004fb  ADC14_IRQHandler              
000004fb  AES256_IRQHandler             
000004fb  BusFault_Handler              
000004f7  C$$EXIT                       
000004fb  COMP_E0_IRQHandler            
000004fb  COMP_E1_IRQHandler            
000004fb  CS_IRQHandler                 
000004fb  DMA_ERR_IRQHandler            
000004fb  DMA_INT0_IRQHandler           
000004fb  DMA_INT1_IRQHandler           
000004fb  DMA_INT2_IRQHandler           
000004fb  DMA_INT3_IRQHandler           
000004fb  DebugMon_Handler              
000004fb  Default_Handler               
000004fb  EUSCIA0_IRQHandler            
000004fb  EUSCIA1_IRQHandler            
000004fb  EUSCIA2_IRQHandler            
000004fb  EUSCIA3_IRQHandler            
000004fb  EUSCIB0_IRQHandler            
000004fb  EUSCIB1_IRQHandler            
000004fb  EUSCIB2_IRQHandler            
000004fb  EUSCIB3_IRQHandler            
000004fb  FLCTL_IRQHandler              
000004fb  FPU_IRQHandler                
000004fb  HardFault_Handler             
000004fb  MemManage_Handler             
000004fb  NMI_Handler                   
000004fb  PCM_IRQHandler                
000003fd  PORT1_IRQHandler              
000003fd  PORT1_IRQHandler              
000004fb  PORT2_IRQHandler              
000004fb  PORT3_IRQHandler              
000004fb  PORT4_IRQHandler              
000004fb  PORT5_IRQHandler              
000004fb  PORT6_IRQHandler              
000004fb  PSS_IRQHandler                
000004fb  PendSV_Handler                
000004fb  RTC_C_IRQHandler              
000004e7  Reset_Handler                 
000004fb  SVC_Handler                   
000004fb  SysTick_Handler               
0000031d  SystemInit                    
000004fb  T32_INT1_IRQHandler           
000004fb  T32_INT2_IRQHandler           
000004fb  T32_INTC_IRQHandler           
000004fb  TA0_0_IRQHandler              
000004fb  TA0_N_IRQHandler              
000004fb  TA1_0_IRQHandler              
000004fb  TA1_N_IRQHandler              
000004fb  TA2_0_IRQHandler              
000004fb  TA2_N_IRQHandler              
000004fb  TA3_0_IRQHandler              
000004fb  TA3_N_IRQHandler              
000004fb  UsageFault_Handler            
4000480c  WDTCTL_SYM                    
000004fb  WDT_A_IRQHandler              
20010000  __STACK_END                   
00000200  __STACK_SIZE                  
00000510  __TI_CINIT_Base               
00000518  __TI_CINIT_Limit              
00000500  __TI_Handler_Table_Base       
00000508  __TI_Handler_Table_Limit      
00000461  __TI_auto_init_nobinit_nopinit
00000395  __TI_decompress_lzss          
000004d9  __TI_decompress_none          
ffffffff  __TI_pprof_out_hndl           
ffffffff  __TI_prof_data_size           
ffffffff  __TI_prof_data_start          
00000000  __TI_static_base__            
00000281  __aeabi_memcpy                
00000281  __aeabi_memcpy4               
00000281  __aeabi_memcpy8               
ffffffff  __binit__                     
ffffffff  __c_args__                    
UNDEFED   __mpu_init                    
2000fe00  __stack                       
000004a5  _c_int00_noargs               
UNDEFED   _system_post_cinit            
000004f3  _system_pre_init              
000004f7  abort                         
ffffffff  binit                         
20000000  color                         
00000000  interruptVectors              
000000e5  main                          
00000281  memcpy                        


GLOBAL SYMBOLS: SORTED BY Symbol Address 

address   name                          
-------   ----                          
00000000  __TI_static_base__            
00000000  interruptVectors              
000000e5  main                          
00000200  __STACK_SIZE                  
00000281  __aeabi_memcpy                
00000281  __aeabi_memcpy4               
00000281  __aeabi_memcpy8               
00000281  memcpy                        
0000031d  SystemInit                    
00000395  __TI_decompress_lzss          
000003fd  PORT1_IRQHandler              
000003fd  PORT1_IRQHandler              
00000461  __TI_auto_init_nobinit_nopinit
000004a5  _c_int00_noargs               
000004d9  __TI_decompress_none          
000004e7  Reset_Handler                 
000004f3  _system_pre_init              
000004f7  C$$EXIT                       
000004f7  abort                         
000004fb  ADC14_IRQHandler              
000004fb  AES256_IRQHandler             
000004fb  BusFault_Handler              
000004fb  COMP_E0_IRQHandler            
000004fb  COMP_E1_IRQHandler            
000004fb  CS_IRQHandler                 
000004fb  DMA_ERR_IRQHandler            
000004fb  DMA_INT0_IRQHandler           
000004fb  DMA_INT1_IRQHandler           
000004fb  DMA_INT2_IRQHandler           
000004fb  DMA_INT3_IRQHandler           
000004fb  DebugMon_Handler              
000004fb  Default_Handler               
000004fb  EUSCIA0_IRQHandler            
000004fb  EUSCIA1_IRQHandler            
000004fb  EUSCIA2_IRQHandler            
000004fb  EUSCIA3_IRQHandler            
000004fb  EUSCIB0_IRQHandler            
000004fb  EUSCIB1_IRQHandler            
000004fb  EUSCIB2_IRQHandler            
000004fb  EUSCIB3_IRQHandler            
000004fb  FLCTL_IRQHandler              
000004fb  FPU_IRQHandler                
000004fb  HardFault_Handler             
000004fb  MemManage_Handler             
000004fb  NMI_Handler                   
000004fb  PCM_IRQHandler                
000004fb  PORT2_IRQHandler              
000004fb  PORT3_IRQHandler              
000004fb  PORT4_IRQHandler              
000004fb  PORT5_IRQHandler              
000004fb  PORT6_IRQHandler              
000004fb  PSS_IRQHandler                
000004fb  PendSV_Handler                
000004fb  RTC_C_IRQHandler              
000004fb  SVC_Handler                   
000004fb  SysTick_Handler               
000004fb  T32_INT1_IRQHandler           
000004fb  T32_INT2_IRQHandler           
000004fb  T32_INTC_IRQHandler           
000004fb  TA0_0_IRQHandler              
000004fb  TA0_N_IRQHandler              
000004fb  TA1_0_IRQHandler              
000004fb  TA1_N_IRQHandler              
000004fb  TA2_0_IRQHandler              
000004fb  TA2_N_IRQHandler              
000004fb  TA3_0_IRQHandler              
000004fb  TA3_N_IRQHandler              
000004fb  UsageFault_Handler            
000004fb  WDT_A_IRQHandler              
00000500  __TI_Handler_Table_Base       
00000508  __TI_Handler_Table_Limit      
00000510  __TI_CINIT_Base               
00000518  __TI_CINIT_Limit              
20000000  color                         
2000fe00  __stack                       
20010000  __STACK_END                   
4000480c  WDTCTL_SYM                    
ffffffff  __TI_pprof_out_hndl           
ffffffff  __TI_prof_data_size           
ffffffff  __TI_prof_data_start          
ffffffff  __binit__                     
ffffffff  __c_args__                    
ffffffff  binit                         
UNDEFED   __mpu_init                    
UNDEFED   _system_post_cinit            

[85 symbols]
